// Jest Snapshot v1, https://goo.gl/fbAQLP

exports[`renders settings correctly 1`] = `
<View
  style={
    Object {
      "alignItems": "center",
    }
  }
>
  <View
    style={
      Object {
        "marginTop": 25,
      }
    }
  />
  <View
    style={
      Array [
        Object {
          "alignItems": "center",
          "justifyContent": "center",
        },
        Object {
          "backgroundColor": "#999",
          "borderRadius": 110,
          "height": 220,
          "width": 220,
        },
      ]
    }
  >
    <View
      style={
        Array [
          Object {
            "left": 0,
            "position": "absolute",
            "top": 0,
          },
          Object {
            "height": 220,
            "width": 110,
          },
        ]
      }
    >
      <View
        style={
          Array [
            Object {
              "borderBottomRightRadius": 0,
              "borderTopRightRadius": 0,
              "left": 0,
              "position": "absolute",
              "top": 0,
            },
            Object {
              "backgroundColor": "orange",
              "borderRadius": 110,
              "height": 220,
              "transform": Array [
                Object {
                  "translateX": 55,
                },
                Object {
                  "rotate": "0deg",
                },
                Object {
                  "translateX": -55,
                },
              ],
              "width": 110,
            },
          ]
        }
      />
    </View>
    <View
      style={
        Array [
          Object {
            "left": 0,
            "position": "absolute",
            "top": 0,
          },
          Object {
            "height": 220,
            "width": 110,
          },
        ]
      }
    >
      <View
        style={
          Array [
            Object {
              "borderBottomRightRadius": 0,
              "borderTopRightRadius": 0,
              "left": 0,
              "position": "absolute",
              "top": 0,
            },
            Object {
              "backgroundColor": "#999",
              "borderRadius": 110,
              "height": 220,
              "transform": Array [
                Object {
                  "translateX": 55,
                },
                Object {
                  "rotate": "0deg",
                },
                Object {
                  "translateX": -55,
                },
              ],
              "width": 110,
            },
          ]
        }
      />
    </View>
    <View
      style={
        Array [
          Object {
            "alignItems": "center",
            "justifyContent": "center",
            "overflow": "hidden",
          },
          Object {
            "backgroundColor": "#ffffff",
            "borderRadius": 100,
            "height": 200,
            "width": 200,
          },
        ]
      }
    >
      <Text
        accessible={true}
        allowFontScaling={true}
        ellipsizeMode="tail"
        style={
          Object {
            "color": "#1d1d1d",
            "fontSize": 18,
            "fontWeight": "bold",
            "textAlign": "center",
          }
        }
      >
        step count: 0
Current goal: 10000
      </Text>
    </View>
  </View>
  <Text
    accessible={true}
    allowFontScaling={true}
    ellipsizeMode="tail"
    style={
      Object {
        "color": "white",
      }
    }
  />
  <View
    style={
      Object {
        "width": "90%",
      }
    }
  >
    <View
      style={
        Object {
          "alignItems": "center",
          "alignSelf": "stretch",
          "borderBottomWidth": 1,
          "borderColor": "#86939e",
          "flexDirection": "row",
          "margin": 10,
          "transform": Array [
            Object {
              "translateX": 0,
            },
          ],
          "width": "60%",
        }
      }
    >
      <TextInput
        allowFontScaling={true}
        onChangeText={[Function]}
        placeholder="New step goal"
        placeholderTextColor="white"
        style={
          Object {
            "alignSelf": "center",
            "color": "white",
            "flex": 1,
            "fontSize": 18,
            "height": 40,
            "marginLeft": 10,
          }
        }
        underlineColorAndroid="transparent"
        value=""
      />
    </View>
  </View>
  <View
    style={
      Array [
        undefined,
        false,
      ]
    }
  >
    <View
      accessible={true}
      isTVSelectable={true}
      onResponderGrant={[Function]}
      onResponderMove={[Function]}
      onResponderRelease={[Function]}
      onResponderTerminate={[Function]}
      onResponderTerminationRequest={[Function]}
      onStartShouldSetResponder={[Function]}
      style={
        Object {
          "opacity": 1,
        }
      }
    >
      <View
        style={
          Object {
            "alignItems": "center",
            "backgroundColor": "orange",
            "borderRadius": 3,
            "flexDirection": "row",
            "justifyContent": "center",
            "marginBottom": 20,
          }
        }
      >
        <Text
          accessible={true}
          allowFontScaling={true}
          ellipsizeMode="tail"
          style={
            Object {
              "backgroundColor": "transparent",
              "color": "white",
              "fontSize": 18,
              "padding": 8,
              "textAlign": "center",
            }
          }
        >
          Set goal
        </Text>
      </View>
    </View>
  </View>
</View>
`;
